#! /usr/bin/vvp
:ivl_version "12.0 (stable)";
:ivl_delay_selection "TYPICAL";
:vpi_time_precision - 12;
:vpi_module "/usr/lib/x86_64-linux-gnu/ivl/system.vpi";
:vpi_module "/usr/lib/x86_64-linux-gnu/ivl/vhdl_sys.vpi";
:vpi_module "/usr/lib/x86_64-linux-gnu/ivl/vhdl_textio.vpi";
:vpi_module "/usr/lib/x86_64-linux-gnu/ivl/v2005_math.vpi";
:vpi_module "/usr/lib/x86_64-linux-gnu/ivl/va_math.vpi";
S_0x6236ef335340 .scope module, "tb_ring_osci" "tb_ring_osci" 2 3;
 .timescale -9 -12;
v0x6236ef346ac0_0 .net "n1", 0 0, v0x6236ef335700_0;  1 drivers
v0x6236ef346b90_0 .net "n2", 0 0, v0x6236ef3468e0_0;  1 drivers
v0x6236ef346c60_0 .net "n3", 0 0, v0x6236ef3469a0_0;  1 drivers
S_0x6236ef3354d0 .scope module, "uut" "ring_osci" 2 7, 3 3 0, S_0x6236ef335340;
 .timescale -9 -12;
    .port_info 0 /OUTPUT 1 "n1";
    .port_info 1 /OUTPUT 1 "n2";
    .port_info 2 /OUTPUT 1 "n3";
v0x6236ef335700_0 .var "n1", 0 0;
v0x6236ef3468e0_0 .var "n2", 0 0;
v0x6236ef3469a0_0 .var "n3", 0 0;
    .scope S_0x6236ef3354d0;
T_0 ;
    %pushi/vec4 0, 0, 1;
    %store/vec4 v0x6236ef335700_0, 0, 1;
    %pushi/vec4 1, 0, 1;
    %store/vec4 v0x6236ef3468e0_0, 0, 1;
    %pushi/vec4 0, 0, 1;
    %store/vec4 v0x6236ef3469a0_0, 0, 1;
    %end;
    .thread T_0;
    .scope S_0x6236ef3354d0;
T_1 ;
    %delay 1000, 0;
    %load/vec4 v0x6236ef3469a0_0;
    %inv;
    %store/vec4 v0x6236ef335700_0, 0, 1;
    %jmp T_1;
    .thread T_1;
    .scope S_0x6236ef3354d0;
T_2 ;
    %delay 1000, 0;
    %load/vec4 v0x6236ef335700_0;
    %inv;
    %store/vec4 v0x6236ef3468e0_0, 0, 1;
    %jmp T_2;
    .thread T_2;
    .scope S_0x6236ef3354d0;
T_3 ;
    %delay 1000, 0;
    %load/vec4 v0x6236ef3468e0_0;
    %inv;
    %store/vec4 v0x6236ef3469a0_0, 0, 1;
    %jmp T_3;
    .thread T_3;
    .scope S_0x6236ef335340;
T_4 ;
    %vpi_call 2 14 "$dumpfile", "ring_osci.vcd" {0 0 0};
    %vpi_call 2 15 "$dumpvars", 32'sb00000000000000000000000000000000, S_0x6236ef335340 {0 0 0};
    %vpi_call 2 17 "$monitor", "Time=%0t n1=%b n2=%b n3=%b", $time, v0x6236ef346ac0_0, v0x6236ef346b90_0, v0x6236ef346c60_0 {0 0 0};
    %delay 50000, 0;
    %vpi_call 2 20 "$finish" {0 0 0};
    %end;
    .thread T_4;
# The file index is used to find the file name in the following table.
:file_names 4;
    "N/A";
    "<interactive>";
    "tb_ring_osci.v";
    "ring_osci.v";
