#! /usr/bin/vvp
:ivl_version "12.0 (stable)";
:ivl_delay_selection "TYPICAL";
:vpi_time_precision + 0;
:vpi_module "/usr/lib/x86_64-linux-gnu/ivl/system.vpi";
:vpi_module "/usr/lib/x86_64-linux-gnu/ivl/vhdl_sys.vpi";
:vpi_module "/usr/lib/x86_64-linux-gnu/ivl/vhdl_textio.vpi";
:vpi_module "/usr/lib/x86_64-linux-gnu/ivl/v2005_math.vpi";
:vpi_module "/usr/lib/x86_64-linux-gnu/ivl/va_math.vpi";
S_0x616bdb9cc540 .scope module, "decoder" "decoder" 2 1;
 .timescale 0 0;
    .port_info 0 /INPUT 1 "a";
    .port_info 1 /INPUT 1 "b";
    .port_info 2 /OUTPUT 4 "y";
o0x7f5587084018 .functor BUFZ 1, C4<z>; HiZ drive
v0x616bdb9ce400_0 .net "a", 0 0, o0x7f5587084018;  0 drivers
o0x7f5587084048 .functor BUFZ 1, C4<z>; HiZ drive
v0x616bdba13ca0_0 .net "b", 0 0, o0x7f5587084048;  0 drivers
v0x616bdba13d60_0 .var "y", 3 0;
E_0x616bdb9ccf10 .event anyedge, v0x616bdb9ce400_0, v0x616bdba13ca0_0;
    .scope S_0x616bdb9cc540;
T_0 ;
    %wait E_0x616bdb9ccf10;
    %load/vec4 v0x616bdb9ce400_0;
    %load/vec4 v0x616bdba13ca0_0;
    %concat/vec4; draw_concat_vec4
    %dup/vec4;
    %pushi/vec4 0, 0, 2;
    %cmp/u;
    %jmp/1 T_0.0, 6;
    %dup/vec4;
    %pushi/vec4 1, 0, 2;
    %cmp/u;
    %jmp/1 T_0.1, 6;
    %dup/vec4;
    %pushi/vec4 2, 0, 2;
    %cmp/u;
    %jmp/1 T_0.2, 6;
    %dup/vec4;
    %pushi/vec4 3, 0, 2;
    %cmp/u;
    %jmp/1 T_0.3, 6;
    %jmp T_0.4;
T_0.0 ;
    %pushi/vec4 1, 0, 4;
    %store/vec4 v0x616bdba13d60_0, 0, 4;
    %jmp T_0.4;
T_0.1 ;
    %pushi/vec4 2, 0, 4;
    %store/vec4 v0x616bdba13d60_0, 0, 4;
    %jmp T_0.4;
T_0.2 ;
    %pushi/vec4 4, 0, 4;
    %store/vec4 v0x616bdba13d60_0, 0, 4;
    %jmp T_0.4;
T_0.3 ;
    %pushi/vec4 8, 0, 4;
    %store/vec4 v0x616bdba13d60_0, 0, 4;
    %jmp T_0.4;
T_0.4 ;
    %pop/vec4 1;
    %jmp T_0;
    .thread T_0, $push;
# The file index is used to find the file name in the following table.
:file_names 3;
    "N/A";
    "<interactive>";
    "decoder.v";
