#! /usr/bin/vvp
:ivl_version "12.0 (stable)";
:ivl_delay_selection "TYPICAL";
:vpi_time_precision + 0;
:vpi_module "/usr/lib/x86_64-linux-gnu/ivl/system.vpi";
:vpi_module "/usr/lib/x86_64-linux-gnu/ivl/vhdl_sys.vpi";
:vpi_module "/usr/lib/x86_64-linux-gnu/ivl/vhdl_textio.vpi";
:vpi_module "/usr/lib/x86_64-linux-gnu/ivl/v2005_math.vpi";
:vpi_module "/usr/lib/x86_64-linux-gnu/ivl/va_math.vpi";
S_0x59f23a1f5db0 .scope module, "full4" "full4" 2 1;
 .timescale 0 0;
    .port_info 0 /INPUT 4 "A";
    .port_info 1 /INPUT 4 "B";
    .port_info 2 /INPUT 1 "Bin";
    .port_info 3 /OUTPUT 4 "Difference";
    .port_info 4 /OUTPUT 1 "Borrow";
o0x7fa0a5bd00c8 .functor BUFZ 4, C4<zzzz>; HiZ drive
v0x59f23a227210_0 .net "A", 3 0, o0x7fa0a5bd00c8;  0 drivers
o0x7fa0a5bd00f8 .functor BUFZ 4, C4<zzzz>; HiZ drive
v0x59f23a227310_0 .net "B", 3 0, o0x7fa0a5bd00f8;  0 drivers
v0x59f23a2273f0_0 .net "B1", 0 0, L_0x59f23a227ec0;  1 drivers
v0x59f23a227490_0 .net "B2", 0 0, L_0x59f23a2286d0;  1 drivers
v0x59f23a227530_0 .net "B3", 0 0, L_0x59f23a228fd0;  1 drivers
o0x7fa0a5bcf1c8 .functor BUFZ 1, C4<z>; HiZ drive
v0x59f23a227620_0 .net "Bin", 0 0, o0x7fa0a5bcf1c8;  0 drivers
v0x59f23a227710_0 .net "Borrow", 0 0, L_0x59f23a229890;  1 drivers
v0x59f23a2277b0_0 .net "Difference", 3 0, L_0x59f23a229d60;  1 drivers
L_0x59f23a228000 .part o0x7fa0a5bd00c8, 0, 1;
L_0x59f23a228130 .part o0x7fa0a5bd00f8, 0, 1;
L_0x59f23a228810 .part o0x7fa0a5bd00c8, 1, 1;
L_0x59f23a228940 .part o0x7fa0a5bd00f8, 1, 1;
L_0x59f23a229110 .part o0x7fa0a5bd00c8, 2, 1;
L_0x59f23a229240 .part o0x7fa0a5bd00f8, 2, 1;
L_0x59f23a229990 .part o0x7fa0a5bd00c8, 3, 1;
L_0x59f23a229b50 .part o0x7fa0a5bd00f8, 3, 1;
L_0x59f23a229d60 .concat8 [ 1 1 1 1], L_0x59f23a227be0, L_0x59f23a2283f0, L_0x59f23a228cf0, L_0x59f23a2295b0;
S_0x59f23a204150 .scope module, "F0" "full" 2 7, 3 1 0, S_0x59f23a1f5db0;
 .timescale 0 0;
    .port_info 0 /INPUT 1 "A";
    .port_info 1 /INPUT 1 "B";
    .port_info 2 /INPUT 1 "Bin";
    .port_info 3 /OUTPUT 1 "Difference";
    .port_info 4 /OUTPUT 1 "Borrow";
L_0x59f23a227ec0 .functor OR 1, L_0x59f23a227ad0, L_0x59f23a227d70, C4<0>, C4<0>;
v0x59f23a222610_0 .net "A", 0 0, L_0x59f23a228000;  1 drivers
v0x59f23a2226d0_0 .net "B", 0 0, L_0x59f23a228130;  1 drivers
v0x59f23a2227a0_0 .net "B1", 0 0, L_0x59f23a227ad0;  1 drivers
v0x59f23a2228a0_0 .net "B2", 0 0, L_0x59f23a227d70;  1 drivers
v0x59f23a222970_0 .net "Bin", 0 0, o0x7fa0a5bcf1c8;  alias, 0 drivers
v0x59f23a222a60_0 .net "Borrow", 0 0, L_0x59f23a227ec0;  alias, 1 drivers
v0x59f23a222b00_0 .net "D1", 0 0, L_0x59f23a2278f0;  1 drivers
v0x59f23a222bf0_0 .net "Difference", 0 0, L_0x59f23a227be0;  1 drivers
S_0x59f23a203450 .scope module, "H1" "half" 3 5, 4 1 0, S_0x59f23a204150;
 .timescale 0 0;
    .port_info 0 /INPUT 1 "A";
    .port_info 1 /INPUT 1 "B";
    .port_info 2 /OUTPUT 1 "Difference";
    .port_info 3 /OUTPUT 1 "Borrow";
L_0x59f23a2278f0 .functor XOR 1, L_0x59f23a228000, L_0x59f23a228130, C4<0>, C4<0>;
L_0x59f23a227a40 .functor NOT 1, L_0x59f23a228000, C4<0>, C4<0>, C4<0>;
L_0x59f23a227ad0 .functor AND 1, L_0x59f23a227a40, L_0x59f23a228130, C4<1>, C4<1>;
v0x59f23a205450_0 .net "A", 0 0, L_0x59f23a228000;  alias, 1 drivers
v0x59f23a1fb900_0 .net "B", 0 0, L_0x59f23a228130;  alias, 1 drivers
v0x59f23a1f8f80_0 .net "Borrow", 0 0, L_0x59f23a227ad0;  alias, 1 drivers
v0x59f23a1f65d0_0 .net "Difference", 0 0, L_0x59f23a2278f0;  alias, 1 drivers
v0x59f23a221d70_0 .net *"_ivl_2", 0 0, L_0x59f23a227a40;  1 drivers
S_0x59f23a221f20 .scope module, "H2" "half" 3 6, 4 1 0, S_0x59f23a204150;
 .timescale 0 0;
    .port_info 0 /INPUT 1 "A";
    .port_info 1 /INPUT 1 "B";
    .port_info 2 /OUTPUT 1 "Difference";
    .port_info 3 /OUTPUT 1 "Borrow";
L_0x59f23a227be0 .functor XOR 1, L_0x59f23a2278f0, o0x7fa0a5bcf1c8, C4<0>, C4<0>;
L_0x59f23a227ce0 .functor NOT 1, L_0x59f23a2278f0, C4<0>, C4<0>, C4<0>;
L_0x59f23a227d70 .functor AND 1, L_0x59f23a227ce0, o0x7fa0a5bcf1c8, C4<1>, C4<1>;
v0x59f23a222190_0 .net "A", 0 0, L_0x59f23a2278f0;  alias, 1 drivers
v0x59f23a222230_0 .net "B", 0 0, o0x7fa0a5bcf1c8;  alias, 0 drivers
v0x59f23a2222d0_0 .net "Borrow", 0 0, L_0x59f23a227d70;  alias, 1 drivers
v0x59f23a2223a0_0 .net "Difference", 0 0, L_0x59f23a227be0;  alias, 1 drivers
v0x59f23a222460_0 .net *"_ivl_2", 0 0, L_0x59f23a227ce0;  1 drivers
S_0x59f23a222cc0 .scope module, "F1" "full" 2 8, 3 1 0, S_0x59f23a1f5db0;
 .timescale 0 0;
    .port_info 0 /INPUT 1 "A";
    .port_info 1 /INPUT 1 "B";
    .port_info 2 /INPUT 1 "Bin";
    .port_info 3 /OUTPUT 1 "Difference";
    .port_info 4 /OUTPUT 1 "Borrow";
L_0x59f23a2286d0 .functor OR 1, L_0x59f23a228380, L_0x59f23a228610, C4<0>, C4<0>;
v0x59f23a223d10_0 .net "A", 0 0, L_0x59f23a228810;  1 drivers
v0x59f23a223dd0_0 .net "B", 0 0, L_0x59f23a228940;  1 drivers
v0x59f23a223ea0_0 .net "B1", 0 0, L_0x59f23a228380;  1 drivers
v0x59f23a223fa0_0 .net "B2", 0 0, L_0x59f23a228610;  1 drivers
v0x59f23a224070_0 .net "Bin", 0 0, L_0x59f23a227ec0;  alias, 1 drivers
v0x59f23a2241b0_0 .net "Borrow", 0 0, L_0x59f23a2286d0;  alias, 1 drivers
v0x59f23a224250_0 .net "D1", 0 0, L_0x59f23a228260;  1 drivers
v0x59f23a224340_0 .net "Difference", 0 0, L_0x59f23a2283f0;  1 drivers
S_0x59f23a222ea0 .scope module, "H1" "half" 3 5, 4 1 0, S_0x59f23a222cc0;
 .timescale 0 0;
    .port_info 0 /INPUT 1 "A";
    .port_info 1 /INPUT 1 "B";
    .port_info 2 /OUTPUT 1 "Difference";
    .port_info 3 /OUTPUT 1 "Borrow";
L_0x59f23a228260 .functor XOR 1, L_0x59f23a228810, L_0x59f23a228940, C4<0>, C4<0>;
L_0x59f23a2282f0 .functor NOT 1, L_0x59f23a228810, C4<0>, C4<0>, C4<0>;
L_0x59f23a228380 .functor AND 1, L_0x59f23a2282f0, L_0x59f23a228940, C4<1>, C4<1>;
v0x59f23a223120_0 .net "A", 0 0, L_0x59f23a228810;  alias, 1 drivers
v0x59f23a223200_0 .net "B", 0 0, L_0x59f23a228940;  alias, 1 drivers
v0x59f23a2232c0_0 .net "Borrow", 0 0, L_0x59f23a228380;  alias, 1 drivers
v0x59f23a223390_0 .net "Difference", 0 0, L_0x59f23a228260;  alias, 1 drivers
v0x59f23a223450_0 .net *"_ivl_2", 0 0, L_0x59f23a2282f0;  1 drivers
S_0x59f23a223600 .scope module, "H2" "half" 3 6, 4 1 0, S_0x59f23a222cc0;
 .timescale 0 0;
    .port_info 0 /INPUT 1 "A";
    .port_info 1 /INPUT 1 "B";
    .port_info 2 /OUTPUT 1 "Difference";
    .port_info 3 /OUTPUT 1 "Borrow";
L_0x59f23a2283f0 .functor XOR 1, L_0x59f23a228260, L_0x59f23a227ec0, C4<0>, C4<0>;
L_0x59f23a228580 .functor NOT 1, L_0x59f23a228260, C4<0>, C4<0>, C4<0>;
L_0x59f23a228610 .functor AND 1, L_0x59f23a228580, L_0x59f23a227ec0, C4<1>, C4<1>;
v0x59f23a223870_0 .net "A", 0 0, L_0x59f23a228260;  alias, 1 drivers
v0x59f23a223940_0 .net "B", 0 0, L_0x59f23a227ec0;  alias, 1 drivers
v0x59f23a223a10_0 .net "Borrow", 0 0, L_0x59f23a228610;  alias, 1 drivers
v0x59f23a223ae0_0 .net "Difference", 0 0, L_0x59f23a2283f0;  alias, 1 drivers
v0x59f23a223b80_0 .net *"_ivl_2", 0 0, L_0x59f23a228580;  1 drivers
S_0x59f23a2243e0 .scope module, "F2" "full" 2 9, 3 1 0, S_0x59f23a1f5db0;
 .timescale 0 0;
    .port_info 0 /INPUT 1 "A";
    .port_info 1 /INPUT 1 "B";
    .port_info 2 /INPUT 1 "Bin";
    .port_info 3 /OUTPUT 1 "Difference";
    .port_info 4 /OUTPUT 1 "Borrow";
L_0x59f23a228fd0 .functor OR 1, L_0x59f23a228be0, L_0x59f23a228f10, C4<0>, C4<0>;
v0x59f23a225430_0 .net "A", 0 0, L_0x59f23a229110;  1 drivers
v0x59f23a2254f0_0 .net "B", 0 0, L_0x59f23a229240;  1 drivers
v0x59f23a2255c0_0 .net "B1", 0 0, L_0x59f23a228be0;  1 drivers
v0x59f23a2256c0_0 .net "B2", 0 0, L_0x59f23a228f10;  1 drivers
v0x59f23a225790_0 .net "Bin", 0 0, L_0x59f23a2286d0;  alias, 1 drivers
v0x59f23a2258d0_0 .net "Borrow", 0 0, L_0x59f23a228fd0;  alias, 1 drivers
v0x59f23a225970_0 .net "D1", 0 0, L_0x59f23a228a70;  1 drivers
v0x59f23a225a60_0 .net "Difference", 0 0, L_0x59f23a228cf0;  1 drivers
S_0x59f23a2245c0 .scope module, "H1" "half" 3 5, 4 1 0, S_0x59f23a2243e0;
 .timescale 0 0;
    .port_info 0 /INPUT 1 "A";
    .port_info 1 /INPUT 1 "B";
    .port_info 2 /OUTPUT 1 "Difference";
    .port_info 3 /OUTPUT 1 "Borrow";
L_0x59f23a228a70 .functor XOR 1, L_0x59f23a229110, L_0x59f23a229240, C4<0>, C4<0>;
L_0x59f23a228b50 .functor NOT 1, L_0x59f23a229110, C4<0>, C4<0>, C4<0>;
L_0x59f23a228be0 .functor AND 1, L_0x59f23a228b50, L_0x59f23a229240, C4<1>, C4<1>;
v0x59f23a224840_0 .net "A", 0 0, L_0x59f23a229110;  alias, 1 drivers
v0x59f23a224920_0 .net "B", 0 0, L_0x59f23a229240;  alias, 1 drivers
v0x59f23a2249e0_0 .net "Borrow", 0 0, L_0x59f23a228be0;  alias, 1 drivers
v0x59f23a224ab0_0 .net "Difference", 0 0, L_0x59f23a228a70;  alias, 1 drivers
v0x59f23a224b70_0 .net *"_ivl_2", 0 0, L_0x59f23a228b50;  1 drivers
S_0x59f23a224d20 .scope module, "H2" "half" 3 6, 4 1 0, S_0x59f23a2243e0;
 .timescale 0 0;
    .port_info 0 /INPUT 1 "A";
    .port_info 1 /INPUT 1 "B";
    .port_info 2 /OUTPUT 1 "Difference";
    .port_info 3 /OUTPUT 1 "Borrow";
L_0x59f23a228cf0 .functor XOR 1, L_0x59f23a228a70, L_0x59f23a2286d0, C4<0>, C4<0>;
L_0x59f23a228e80 .functor NOT 1, L_0x59f23a228a70, C4<0>, C4<0>, C4<0>;
L_0x59f23a228f10 .functor AND 1, L_0x59f23a228e80, L_0x59f23a2286d0, C4<1>, C4<1>;
v0x59f23a224f90_0 .net "A", 0 0, L_0x59f23a228a70;  alias, 1 drivers
v0x59f23a225060_0 .net "B", 0 0, L_0x59f23a2286d0;  alias, 1 drivers
v0x59f23a225130_0 .net "Borrow", 0 0, L_0x59f23a228f10;  alias, 1 drivers
v0x59f23a225200_0 .net "Difference", 0 0, L_0x59f23a228cf0;  alias, 1 drivers
v0x59f23a2252a0_0 .net *"_ivl_2", 0 0, L_0x59f23a228e80;  1 drivers
S_0x59f23a225b00 .scope module, "F3" "full" 2 10, 3 1 0, S_0x59f23a1f5db0;
 .timescale 0 0;
    .port_info 0 /INPUT 1 "A";
    .port_info 1 /INPUT 1 "B";
    .port_info 2 /INPUT 1 "Bin";
    .port_info 3 /OUTPUT 1 "Difference";
    .port_info 4 /OUTPUT 1 "Borrow";
L_0x59f23a229890 .functor OR 1, L_0x59f23a2294f0, L_0x59f23a2297d0, C4<0>, C4<0>;
v0x59f23a226b40_0 .net "A", 0 0, L_0x59f23a229990;  1 drivers
v0x59f23a226c00_0 .net "B", 0 0, L_0x59f23a229b50;  1 drivers
v0x59f23a226cd0_0 .net "B1", 0 0, L_0x59f23a2294f0;  1 drivers
v0x59f23a226dd0_0 .net "B2", 0 0, L_0x59f23a2297d0;  1 drivers
v0x59f23a226ea0_0 .net "Bin", 0 0, L_0x59f23a228fd0;  alias, 1 drivers
v0x59f23a226fe0_0 .net "Borrow", 0 0, L_0x59f23a229890;  alias, 1 drivers
v0x59f23a227080_0 .net "D1", 0 0, L_0x59f23a2293b0;  1 drivers
v0x59f23a227170_0 .net "Difference", 0 0, L_0x59f23a2295b0;  1 drivers
S_0x59f23a225ce0 .scope module, "H1" "half" 3 5, 4 1 0, S_0x59f23a225b00;
 .timescale 0 0;
    .port_info 0 /INPUT 1 "A";
    .port_info 1 /INPUT 1 "B";
    .port_info 2 /OUTPUT 1 "Difference";
    .port_info 3 /OUTPUT 1 "Borrow";
L_0x59f23a2293b0 .functor XOR 1, L_0x59f23a229990, L_0x59f23a229b50, C4<0>, C4<0>;
L_0x59f23a229460 .functor NOT 1, L_0x59f23a229990, C4<0>, C4<0>, C4<0>;
L_0x59f23a2294f0 .functor AND 1, L_0x59f23a229460, L_0x59f23a229b50, C4<1>, C4<1>;
v0x59f23a225f50_0 .net "A", 0 0, L_0x59f23a229990;  alias, 1 drivers
v0x59f23a226030_0 .net "B", 0 0, L_0x59f23a229b50;  alias, 1 drivers
v0x59f23a2260f0_0 .net "Borrow", 0 0, L_0x59f23a2294f0;  alias, 1 drivers
v0x59f23a2261c0_0 .net "Difference", 0 0, L_0x59f23a2293b0;  alias, 1 drivers
v0x59f23a226280_0 .net *"_ivl_2", 0 0, L_0x59f23a229460;  1 drivers
S_0x59f23a226430 .scope module, "H2" "half" 3 6, 4 1 0, S_0x59f23a225b00;
 .timescale 0 0;
    .port_info 0 /INPUT 1 "A";
    .port_info 1 /INPUT 1 "B";
    .port_info 2 /OUTPUT 1 "Difference";
    .port_info 3 /OUTPUT 1 "Borrow";
L_0x59f23a2295b0 .functor XOR 1, L_0x59f23a2293b0, L_0x59f23a228fd0, C4<0>, C4<0>;
L_0x59f23a229740 .functor NOT 1, L_0x59f23a2293b0, C4<0>, C4<0>, C4<0>;
L_0x59f23a2297d0 .functor AND 1, L_0x59f23a229740, L_0x59f23a228fd0, C4<1>, C4<1>;
v0x59f23a2266a0_0 .net "A", 0 0, L_0x59f23a2293b0;  alias, 1 drivers
v0x59f23a226770_0 .net "B", 0 0, L_0x59f23a228fd0;  alias, 1 drivers
v0x59f23a226840_0 .net "Borrow", 0 0, L_0x59f23a2297d0;  alias, 1 drivers
v0x59f23a226910_0 .net "Difference", 0 0, L_0x59f23a2295b0;  alias, 1 drivers
v0x59f23a2269b0_0 .net *"_ivl_2", 0 0, L_0x59f23a229740;  1 drivers
# The file index is used to find the file name in the following table.
:file_names 5;
    "N/A";
    "<interactive>";
    "full4.v";
    "full.v";
    "half.v";
