#! /usr/bin/vvp
:ivl_version "12.0 (stable)";
:ivl_delay_selection "TYPICAL";
:vpi_time_precision + 0;
:vpi_module "/usr/lib/x86_64-linux-gnu/ivl/system.vpi";
:vpi_module "/usr/lib/x86_64-linux-gnu/ivl/vhdl_sys.vpi";
:vpi_module "/usr/lib/x86_64-linux-gnu/ivl/vhdl_textio.vpi";
:vpi_module "/usr/lib/x86_64-linux-gnu/ivl/v2005_math.vpi";
:vpi_module "/usr/lib/x86_64-linux-gnu/ivl/va_math.vpi";
S_0x5d73443a5ab0 .scope module, "full_tb" "full_tb" 2 1;
 .timescale 0 0;
v0x5d73443be590_0 .var "A", 0 0;
v0x5d73443be680_0 .var "B", 0 0;
v0x5d73443be790_0 .var "Bin", 0 0;
v0x5d73443be880_0 .net "Borrow", 0 0, L_0x5d73443beed0;  1 drivers
v0x5d73443be920_0 .net "Difference", 0 0, L_0x5d73443bec00;  1 drivers
S_0x5d73443a5c40 .scope module, "uut" "full" 2 4, 3 1 0, S_0x5d73443a5ab0;
 .timescale 0 0;
    .port_info 0 /INPUT 1 "A";
    .port_info 1 /INPUT 1 "B";
    .port_info 2 /INPUT 1 "Cin";
    .port_info 3 /OUTPUT 1 "Difference";
    .port_info 4 /OUTPUT 1 "Borrow";
L_0x5d73443beed0 .functor OR 1, L_0x5d73443beb40, L_0x5d73443bedd0, C4<0>, C4<0>;
v0x5d73443bdee0_0 .net "A", 0 0, v0x5d73443be590_0;  1 drivers
v0x5d73443bdfa0_0 .net "B", 0 0, v0x5d73443be680_0;  1 drivers
v0x5d73443be070_0 .net "B1", 0 0, L_0x5d73443beb40;  1 drivers
v0x5d73443be170_0 .net "B2", 0 0, L_0x5d73443bedd0;  1 drivers
v0x5d73443be240_0 .net "Borrow", 0 0, L_0x5d73443beed0;  alias, 1 drivers
v0x5d73443be330_0 .net "Cin", 0 0, v0x5d73443be790_0;  1 drivers
v0x5d73443be3d0_0 .net "D1", 0 0, L_0x5d73443bea60;  1 drivers
v0x5d73443be4c0_0 .net "Difference", 0 0, L_0x5d73443bec00;  alias, 1 drivers
S_0x5d734436a490 .scope module, "H1" "half" 3 5, 4 1 0, S_0x5d73443a5c40;
 .timescale 0 0;
    .port_info 0 /INPUT 1 "A";
    .port_info 1 /INPUT 1 "B";
    .port_info 2 /OUTPUT 1 "Difference";
    .port_info 3 /OUTPUT 1 "Borrow";
L_0x5d73443bea60 .functor XOR 1, v0x5d73443be590_0, v0x5d73443be680_0, C4<0>, C4<0>;
L_0x5d73443bead0 .functor NOT 1, v0x5d73443be590_0, C4<0>, C4<0>, C4<0>;
L_0x5d73443beb40 .functor AND 1, L_0x5d73443bead0, v0x5d73443be680_0, C4<1>, C4<1>;
v0x5d734436a6e0_0 .net "A", 0 0, v0x5d73443be590_0;  alias, 1 drivers
v0x5d73443bd450_0 .net "B", 0 0, v0x5d73443be680_0;  alias, 1 drivers
v0x5d73443bd510_0 .net "Borrow", 0 0, L_0x5d73443beb40;  alias, 1 drivers
v0x5d73443bd5b0_0 .net "Difference", 0 0, L_0x5d73443bea60;  alias, 1 drivers
v0x5d73443bd670_0 .net *"_ivl_2", 0 0, L_0x5d73443bead0;  1 drivers
S_0x5d73443bd820 .scope module, "H2" "half" 3 6, 4 1 0, S_0x5d73443a5c40;
 .timescale 0 0;
    .port_info 0 /INPUT 1 "A";
    .port_info 1 /INPUT 1 "B";
    .port_info 2 /OUTPUT 1 "Difference";
    .port_info 3 /OUTPUT 1 "Borrow";
L_0x5d73443bec00 .functor XOR 1, L_0x5d73443bea60, v0x5d73443be790_0, C4<0>, C4<0>;
L_0x5d73443bed40 .functor NOT 1, L_0x5d73443bea60, C4<0>, C4<0>, C4<0>;
L_0x5d73443bedd0 .functor AND 1, L_0x5d73443bed40, v0x5d73443be790_0, C4<1>, C4<1>;
v0x5d73443bda90_0 .net "A", 0 0, L_0x5d73443bea60;  alias, 1 drivers
v0x5d73443bdb30_0 .net "B", 0 0, v0x5d73443be790_0;  alias, 1 drivers
v0x5d73443bdbd0_0 .net "Borrow", 0 0, L_0x5d73443bedd0;  alias, 1 drivers
v0x5d73443bdc70_0 .net "Difference", 0 0, L_0x5d73443bec00;  alias, 1 drivers
v0x5d73443bdd30_0 .net *"_ivl_2", 0 0, L_0x5d73443bed40;  1 drivers
    .scope S_0x5d73443a5ab0;
T_0 ;
    %vpi_call 2 6 "$dumpfile", "full.vcd" {0 0 0};
    %vpi_call 2 7 "$dumpvars", 32'sb00000000000000000000000000000000, S_0x5d73443a5ab0 {0 0 0};
    %pushi/vec4 0, 0, 1;
    %store/vec4 v0x5d73443be590_0, 0, 1;
    %pushi/vec4 0, 0, 1;
    %store/vec4 v0x5d73443be680_0, 0, 1;
    %pushi/vec4 0, 0, 1;
    %store/vec4 v0x5d73443be790_0, 0, 1;
    %delay 10, 0;
    %pushi/vec4 0, 0, 1;
    %store/vec4 v0x5d73443be590_0, 0, 1;
    %pushi/vec4 0, 0, 1;
    %store/vec4 v0x5d73443be680_0, 0, 1;
    %pushi/vec4 1, 0, 1;
    %store/vec4 v0x5d73443be790_0, 0, 1;
    %delay 10, 0;
    %pushi/vec4 0, 0, 1;
    %store/vec4 v0x5d73443be590_0, 0, 1;
    %pushi/vec4 1, 0, 1;
    %store/vec4 v0x5d73443be680_0, 0, 1;
    %pushi/vec4 0, 0, 1;
    %store/vec4 v0x5d73443be790_0, 0, 1;
    %delay 10, 0;
    %pushi/vec4 0, 0, 1;
    %store/vec4 v0x5d73443be590_0, 0, 1;
    %pushi/vec4 1, 0, 1;
    %store/vec4 v0x5d73443be680_0, 0, 1;
    %pushi/vec4 1, 0, 1;
    %store/vec4 v0x5d73443be790_0, 0, 1;
    %delay 10, 0;
    %pushi/vec4 1, 0, 1;
    %store/vec4 v0x5d73443be590_0, 0, 1;
    %pushi/vec4 0, 0, 1;
    %store/vec4 v0x5d73443be680_0, 0, 1;
    %pushi/vec4 0, 0, 1;
    %store/vec4 v0x5d73443be790_0, 0, 1;
    %delay 10, 0;
    %pushi/vec4 1, 0, 1;
    %store/vec4 v0x5d73443be590_0, 0, 1;
    %pushi/vec4 0, 0, 1;
    %store/vec4 v0x5d73443be680_0, 0, 1;
    %pushi/vec4 1, 0, 1;
    %store/vec4 v0x5d73443be790_0, 0, 1;
    %delay 10, 0;
    %pushi/vec4 1, 0, 1;
    %store/vec4 v0x5d73443be590_0, 0, 1;
    %pushi/vec4 1, 0, 1;
    %store/vec4 v0x5d73443be680_0, 0, 1;
    %pushi/vec4 0, 0, 1;
    %store/vec4 v0x5d73443be790_0, 0, 1;
    %delay 10, 0;
    %pushi/vec4 1, 0, 1;
    %store/vec4 v0x5d73443be590_0, 0, 1;
    %pushi/vec4 1, 0, 1;
    %store/vec4 v0x5d73443be680_0, 0, 1;
    %pushi/vec4 1, 0, 1;
    %store/vec4 v0x5d73443be790_0, 0, 1;
    %delay 10, 0;
    %vpi_call 2 16 "$finish" {0 0 0};
    %end;
    .thread T_0;
# The file index is used to find the file name in the following table.
:file_names 5;
    "N/A";
    "<interactive>";
    "full_tb.v";
    "full.v";
    "half.v";
