#! /usr/bin/vvp
:ivl_version "12.0 (stable)";
:ivl_delay_selection "TYPICAL";
:vpi_time_precision + 0;
:vpi_module "/usr/lib/x86_64-linux-gnu/ivl/system.vpi";
:vpi_module "/usr/lib/x86_64-linux-gnu/ivl/vhdl_sys.vpi";
:vpi_module "/usr/lib/x86_64-linux-gnu/ivl/vhdl_textio.vpi";
:vpi_module "/usr/lib/x86_64-linux-gnu/ivl/v2005_math.vpi";
:vpi_module "/usr/lib/x86_64-linux-gnu/ivl/va_math.vpi";
S_0x617353679810 .scope module, "half_tb" "half_tb" 2 1;
 .timescale 0 0;
v0x61735368ba60_0 .var "A", 0 0;
v0x61735368bb20_0 .var "B", 0 0;
v0x61735368bbf0_0 .net "Borrow", 0 0, L_0x61735368bf90;  1 drivers
v0x61735368bcf0_0 .net "Difference", 0 0, L_0x61735368bdc0;  1 drivers
S_0x6173536799a0 .scope module, "uut" "half" 2 4, 3 1 0, S_0x617353679810;
 .timescale 0 0;
    .port_info 0 /INPUT 1 "A";
    .port_info 1 /INPUT 1 "B";
    .port_info 2 /OUTPUT 1 "Difference";
    .port_info 3 /OUTPUT 1 "Borrow";
L_0x61735368bdc0 .functor XOR 1, v0x61735368ba60_0, v0x61735368bb20_0, C4<0>, C4<0>;
L_0x61735368bf20 .functor NOT 1, v0x61735368ba60_0, C4<0>, C4<0>, C4<0>;
L_0x61735368bf90 .functor AND 1, L_0x61735368bf20, v0x61735368bb20_0, C4<1>, C4<1>;
v0x617353679bf0_0 .net "A", 0 0, v0x61735368ba60_0;  1 drivers
v0x61735368b660_0 .net "B", 0 0, v0x61735368bb20_0;  1 drivers
v0x61735368b720_0 .net "Borrow", 0 0, L_0x61735368bf90;  alias, 1 drivers
v0x61735368b7f0_0 .net "Difference", 0 0, L_0x61735368bdc0;  alias, 1 drivers
v0x61735368b8b0_0 .net *"_ivl_2", 0 0, L_0x61735368bf20;  1 drivers
    .scope S_0x617353679810;
T_0 ;
    %vpi_call 2 6 "$dumpfile", "half.vcd" {0 0 0};
    %vpi_call 2 7 "$dumpvars", 32'sb00000000000000000000000000000000, S_0x617353679810 {0 0 0};
    %pushi/vec4 0, 0, 1;
    %store/vec4 v0x61735368ba60_0, 0, 1;
    %pushi/vec4 0, 0, 1;
    %store/vec4 v0x61735368bb20_0, 0, 1;
    %delay 10, 0;
    %pushi/vec4 0, 0, 1;
    %store/vec4 v0x61735368ba60_0, 0, 1;
    %pushi/vec4 1, 0, 1;
    %store/vec4 v0x61735368bb20_0, 0, 1;
    %delay 10, 0;
    %pushi/vec4 1, 0, 1;
    %store/vec4 v0x61735368ba60_0, 0, 1;
    %pushi/vec4 0, 0, 1;
    %store/vec4 v0x61735368bb20_0, 0, 1;
    %delay 10, 0;
    %pushi/vec4 1, 0, 1;
    %store/vec4 v0x61735368ba60_0, 0, 1;
    %pushi/vec4 1, 0, 1;
    %store/vec4 v0x61735368bb20_0, 0, 1;
    %delay 10, 0;
    %vpi_call 2 12 "$finish" {0 0 0};
    %end;
    .thread T_0;
# The file index is used to find the file name in the following table.
:file_names 4;
    "N/A";
    "<interactive>";
    "half_tb.v";
    "half.v";
