#! /usr/bin/vvp
:ivl_version "12.0 (stable)";
:ivl_delay_selection "TYPICAL";
:vpi_time_precision + 0;
:vpi_module "/usr/lib/x86_64-linux-gnu/ivl/system.vpi";
:vpi_module "/usr/lib/x86_64-linux-gnu/ivl/vhdl_sys.vpi";
:vpi_module "/usr/lib/x86_64-linux-gnu/ivl/vhdl_textio.vpi";
:vpi_module "/usr/lib/x86_64-linux-gnu/ivl/v2005_math.vpi";
:vpi_module "/usr/lib/x86_64-linux-gnu/ivl/va_math.vpi";
S_0x62b195fa6510 .scope module, "mux" "mux" 2 1;
 .timescale 0 0;
    .port_info 0 /INPUT 1 "a";
    .port_info 1 /INPUT 1 "b";
    .port_info 2 /INPUT 1 "sel";
    .port_info 3 /OUTPUT 1 "y";
o0x7a39f60b7018 .functor BUFZ 1, C4<z>; HiZ drive
v0x62b195fa8400_0 .net "a", 0 0, o0x7a39f60b7018;  0 drivers
o0x7a39f60b7048 .functor BUFZ 1, C4<z>; HiZ drive
v0x62b195fed100_0 .net "b", 0 0, o0x7a39f60b7048;  0 drivers
o0x7a39f60b7078 .functor BUFZ 1, C4<z>; HiZ drive
v0x62b195fed1c0_0 .net "sel", 0 0, o0x7a39f60b7078;  0 drivers
v0x62b195fed260_0 .var "y", 0 0;
E_0x62b195fa6dc0 .event anyedge, v0x62b195fed1c0_0, v0x62b195fa8400_0, v0x62b195fed100_0;
    .scope S_0x62b195fa6510;
T_0 ;
    %wait E_0x62b195fa6dc0;
    %load/vec4 v0x62b195fed1c0_0;
    %flag_set/vec4 8;
    %jmp/0xz  T_0.0, 8;
    %load/vec4 v0x62b195fa8400_0;
    %store/vec4 v0x62b195fed260_0, 0, 1;
    %jmp T_0.1;
T_0.0 ;
    %load/vec4 v0x62b195fed100_0;
    %store/vec4 v0x62b195fed260_0, 0, 1;
T_0.1 ;
    %jmp T_0;
    .thread T_0, $push;
# The file index is used to find the file name in the following table.
:file_names 3;
    "N/A";
    "<interactive>";
    "mux.v";
