#! /usr/bin/vvp
:ivl_version "12.0 (stable)";
:ivl_delay_selection "TYPICAL";
:vpi_time_precision + 0;
:vpi_module "/usr/lib/x86_64-linux-gnu/ivl/system.vpi";
:vpi_module "/usr/lib/x86_64-linux-gnu/ivl/vhdl_sys.vpi";
:vpi_module "/usr/lib/x86_64-linux-gnu/ivl/vhdl_textio.vpi";
:vpi_module "/usr/lib/x86_64-linux-gnu/ivl/v2005_math.vpi";
:vpi_module "/usr/lib/x86_64-linux-gnu/ivl/va_math.vpi";
S_0x64436e1869a0 .scope module, "mux_tb" "mux_tb" 2 2;
 .timescale 0 0;
v0x64436e19bc70_0 .var "a", 0 0;
v0x64436e19bd30_0 .var "b", 0 0;
v0x64436e19be00_0 .var "sel", 0 0;
v0x64436e19bf00_0 .net "y", 0 0, v0x64436e19bb00_0;  1 drivers
S_0x64436e186b30 .scope module, "uut" "mux" 2 5, 3 1 0, S_0x64436e1869a0;
 .timescale 0 0;
    .port_info 0 /INPUT 1 "a";
    .port_info 1 /INPUT 1 "b";
    .port_info 2 /INPUT 1 "sel";
    .port_info 3 /OUTPUT 1 "y";
v0x64436e14d490_0 .net "a", 0 0, v0x64436e19bc70_0;  1 drivers
v0x64436e19b970_0 .net "b", 0 0, v0x64436e19bd30_0;  1 drivers
v0x64436e19ba30_0 .net "sel", 0 0, v0x64436e19be00_0;  1 drivers
v0x64436e19bb00_0 .var "y", 0 0;
E_0x64436e14dc60 .event anyedge, v0x64436e19ba30_0, v0x64436e14d490_0, v0x64436e19b970_0;
    .scope S_0x64436e186b30;
T_0 ;
    %wait E_0x64436e14dc60;
    %load/vec4 v0x64436e19ba30_0;
    %flag_set/vec4 8;
    %jmp/0xz  T_0.0, 8;
    %load/vec4 v0x64436e14d490_0;
    %store/vec4 v0x64436e19bb00_0, 0, 1;
    %jmp T_0.1;
T_0.0 ;
    %load/vec4 v0x64436e19b970_0;
    %store/vec4 v0x64436e19bb00_0, 0, 1;
T_0.1 ;
    %jmp T_0;
    .thread T_0, $push;
    .scope S_0x64436e1869a0;
T_1 ;
    %vpi_call 2 7 "$dumpfile", "mux.vcd" {0 0 0};
    %vpi_call 2 8 "$dumpvars", 32'sb00000000000000000000000000000000, S_0x64436e1869a0 {0 0 0};
    %vpi_call 2 9 "$monitor", "Time=%0t a=%b b=%b sel=%b y=%b", $time, v0x64436e19bc70_0, v0x64436e19bd30_0, v0x64436e19be00_0, v0x64436e19bf00_0 {0 0 0};
    %pushi/vec4 0, 0, 1;
    %store/vec4 v0x64436e19bc70_0, 0, 1;
    %pushi/vec4 0, 0, 1;
    %store/vec4 v0x64436e19bd30_0, 0, 1;
    %pushi/vec4 0, 0, 1;
    %store/vec4 v0x64436e19be00_0, 0, 1;
    %delay 10, 0;
    %pushi/vec4 0, 0, 1;
    %store/vec4 v0x64436e19bc70_0, 0, 1;
    %pushi/vec4 1, 0, 1;
    %store/vec4 v0x64436e19bd30_0, 0, 1;
    %pushi/vec4 0, 0, 1;
    %store/vec4 v0x64436e19be00_0, 0, 1;
    %delay 10, 0;
    %pushi/vec4 0, 0, 1;
    %store/vec4 v0x64436e19bc70_0, 0, 1;
    %pushi/vec4 1, 0, 1;
    %store/vec4 v0x64436e19bd30_0, 0, 1;
    %pushi/vec4 1, 0, 1;
    %store/vec4 v0x64436e19be00_0, 0, 1;
    %delay 10, 0;
    %pushi/vec4 1, 0, 1;
    %store/vec4 v0x64436e19bc70_0, 0, 1;
    %pushi/vec4 0, 0, 1;
    %store/vec4 v0x64436e19bd30_0, 0, 1;
    %pushi/vec4 1, 0, 1;
    %store/vec4 v0x64436e19be00_0, 0, 1;
    %delay 10, 0;
    %pushi/vec4 1, 0, 1;
    %store/vec4 v0x64436e19bc70_0, 0, 1;
    %pushi/vec4 0, 0, 1;
    %store/vec4 v0x64436e19bd30_0, 0, 1;
    %pushi/vec4 0, 0, 1;
    %store/vec4 v0x64436e19be00_0, 0, 1;
    %delay 10, 0;
    %pushi/vec4 1, 0, 1;
    %store/vec4 v0x64436e19bc70_0, 0, 1;
    %pushi/vec4 1, 0, 1;
    %store/vec4 v0x64436e19bd30_0, 0, 1;
    %pushi/vec4 1, 0, 1;
    %store/vec4 v0x64436e19be00_0, 0, 1;
    %delay 10, 0;
    %vpi_call 2 16 "$finish" {0 0 0};
    %end;
    .thread T_1;
# The file index is used to find the file name in the following table.
:file_names 4;
    "N/A";
    "<interactive>";
    "mux_tb.v";
    "mux.v";
