#! /usr/bin/vvp
:ivl_version "12.0 (stable)";
:ivl_delay_selection "TYPICAL";
:vpi_time_precision + 0;
:vpi_module "/usr/lib/x86_64-linux-gnu/ivl/system.vpi";
:vpi_module "/usr/lib/x86_64-linux-gnu/ivl/vhdl_sys.vpi";
:vpi_module "/usr/lib/x86_64-linux-gnu/ivl/vhdl_textio.vpi";
:vpi_module "/usr/lib/x86_64-linux-gnu/ivl/v2005_math.vpi";
:vpi_module "/usr/lib/x86_64-linux-gnu/ivl/va_math.vpi";
S_0x5d235d2e29e0 .scope module, "ripple" "ripple" 2 5;
 .timescale 0 0;
    .port_info 0 /INPUT 4 "a";
    .port_info 1 /INPUT 4 "b";
    .port_info 2 /INPUT 1 "cin";
    .port_info 3 /OUTPUT 4 "sum";
    .port_info 4 /OUTPUT 1 "cout";
o0x7050fb9cfac8 .functor BUFZ 4, C4<zzzz>; HiZ drive
v0x5d235d310c20_0 .net "a", 3 0, o0x7050fb9cfac8;  0 drivers
o0x7050fb9cfaf8 .functor BUFZ 4, C4<zzzz>; HiZ drive
v0x5d235d310d20_0 .net "b", 3 0, o0x7050fb9cfaf8;  0 drivers
v0x5d235d310e00_0 .net "c1", 0 0, L_0x5d235d311930;  1 drivers
v0x5d235d310ea0_0 .net "c2", 0 0, L_0x5d235d3120c0;  1 drivers
v0x5d235d310f90_0 .net "c3", 0 0, L_0x5d235d312940;  1 drivers
o0x7050fb9cf168 .functor BUFZ 1, C4<z>; HiZ drive
v0x5d235d3110d0_0 .net "cin", 0 0, o0x7050fb9cf168;  0 drivers
v0x5d235d311170_0 .net "cout", 0 0, L_0x5d235d313130;  1 drivers
v0x5d235d311210_0 .net "sum", 3 0, L_0x5d235d313660;  1 drivers
L_0x5d235d3119f0 .part o0x7050fb9cfac8, 0, 1;
L_0x5d235d311b20 .part o0x7050fb9cfaf8, 0, 1;
L_0x5d235d3121d0 .part o0x7050fb9cfac8, 1, 1;
L_0x5d235d312300 .part o0x7050fb9cfaf8, 1, 1;
L_0x5d235d312a50 .part o0x7050fb9cfac8, 2, 1;
L_0x5d235d312b80 .part o0x7050fb9cfaf8, 2, 1;
L_0x5d235d313290 .part o0x7050fb9cfac8, 3, 1;
L_0x5d235d313450 .part o0x7050fb9cfaf8, 3, 1;
L_0x5d235d313660 .concat8 [ 1 1 1 1], L_0x5d235d3113f0, L_0x5d235d311cc0, L_0x5d235d3124d0, L_0x5d235d312d60;
S_0x5d235d2e87d0 .scope module, "fa0" "full_adder" 2 8, 2 1 0, S_0x5d235d2e29e0;
 .timescale 0 0;
    .port_info 0 /INPUT 1 "a";
    .port_info 1 /INPUT 1 "b";
    .port_info 2 /INPUT 1 "cin";
    .port_info 3 /OUTPUT 1 "sum";
    .port_info 4 /OUTPUT 1 "cout";
L_0x5d235d311330 .functor XOR 1, L_0x5d235d3119f0, L_0x5d235d311b20, C4<0>, C4<0>;
L_0x5d235d3113f0 .functor XOR 1, L_0x5d235d311330, o0x7050fb9cf168, C4<0>, C4<0>;
L_0x5d235d311530 .functor AND 1, L_0x5d235d3119f0, L_0x5d235d311b20, C4<1>, C4<1>;
L_0x5d235d311640 .functor AND 1, L_0x5d235d311b20, o0x7050fb9cf168, C4<1>, C4<1>;
L_0x5d235d3116e0 .functor OR 1, L_0x5d235d311530, L_0x5d235d311640, C4<0>, C4<0>;
L_0x5d235d3117f0 .functor AND 1, L_0x5d235d3119f0, o0x7050fb9cf168, C4<1>, C4<1>;
L_0x5d235d311930 .functor OR 1, L_0x5d235d3116e0, L_0x5d235d3117f0, C4<0>, C4<0>;
v0x5d235d2eaac0_0 .net *"_ivl_0", 0 0, L_0x5d235d311330;  1 drivers
v0x5d235d2e8290_0 .net *"_ivl_10", 0 0, L_0x5d235d3117f0;  1 drivers
v0x5d235d2e5a60_0 .net *"_ivl_4", 0 0, L_0x5d235d311530;  1 drivers
v0x5d235d2e3200_0 .net *"_ivl_6", 0 0, L_0x5d235d311640;  1 drivers
v0x5d235d30e4f0_0 .net *"_ivl_8", 0 0, L_0x5d235d3116e0;  1 drivers
v0x5d235d30e620_0 .net "a", 0 0, L_0x5d235d3119f0;  1 drivers
v0x5d235d30e6e0_0 .net "b", 0 0, L_0x5d235d311b20;  1 drivers
v0x5d235d30e7a0_0 .net "cin", 0 0, o0x7050fb9cf168;  alias, 0 drivers
v0x5d235d30e860_0 .net "cout", 0 0, L_0x5d235d311930;  alias, 1 drivers
v0x5d235d30e920_0 .net "sum", 0 0, L_0x5d235d3113f0;  1 drivers
S_0x5d235d30ea80 .scope module, "fa1" "full_adder" 2 9, 2 1 0, S_0x5d235d2e29e0;
 .timescale 0 0;
    .port_info 0 /INPUT 1 "a";
    .port_info 1 /INPUT 1 "b";
    .port_info 2 /INPUT 1 "cin";
    .port_info 3 /OUTPUT 1 "sum";
    .port_info 4 /OUTPUT 1 "cout";
L_0x5d235d311c50 .functor XOR 1, L_0x5d235d3121d0, L_0x5d235d312300, C4<0>, C4<0>;
L_0x5d235d311cc0 .functor XOR 1, L_0x5d235d311c50, L_0x5d235d311930, C4<0>, C4<0>;
L_0x5d235d311df0 .functor AND 1, L_0x5d235d3121d0, L_0x5d235d312300, C4<1>, C4<1>;
L_0x5d235d311e60 .functor AND 1, L_0x5d235d312300, L_0x5d235d311930, C4<1>, C4<1>;
L_0x5d235d311f00 .functor OR 1, L_0x5d235d311df0, L_0x5d235d311e60, C4<0>, C4<0>;
L_0x5d235d312010 .functor AND 1, L_0x5d235d3121d0, L_0x5d235d311930, C4<1>, C4<1>;
L_0x5d235d3120c0 .functor OR 1, L_0x5d235d311f00, L_0x5d235d312010, C4<0>, C4<0>;
v0x5d235d30ec30_0 .net *"_ivl_0", 0 0, L_0x5d235d311c50;  1 drivers
v0x5d235d30ed10_0 .net *"_ivl_10", 0 0, L_0x5d235d312010;  1 drivers
v0x5d235d30edf0_0 .net *"_ivl_4", 0 0, L_0x5d235d311df0;  1 drivers
v0x5d235d30eeb0_0 .net *"_ivl_6", 0 0, L_0x5d235d311e60;  1 drivers
v0x5d235d30ef90_0 .net *"_ivl_8", 0 0, L_0x5d235d311f00;  1 drivers
v0x5d235d30f0c0_0 .net "a", 0 0, L_0x5d235d3121d0;  1 drivers
v0x5d235d30f180_0 .net "b", 0 0, L_0x5d235d312300;  1 drivers
v0x5d235d30f240_0 .net "cin", 0 0, L_0x5d235d311930;  alias, 1 drivers
v0x5d235d30f2e0_0 .net "cout", 0 0, L_0x5d235d3120c0;  alias, 1 drivers
v0x5d235d30f410_0 .net "sum", 0 0, L_0x5d235d311cc0;  1 drivers
S_0x5d235d30f570 .scope module, "fa2" "full_adder" 2 10, 2 1 0, S_0x5d235d2e29e0;
 .timescale 0 0;
    .port_info 0 /INPUT 1 "a";
    .port_info 1 /INPUT 1 "b";
    .port_info 2 /INPUT 1 "cin";
    .port_info 3 /OUTPUT 1 "sum";
    .port_info 4 /OUTPUT 1 "cout";
L_0x5d235d312460 .functor XOR 1, L_0x5d235d312a50, L_0x5d235d312b80, C4<0>, C4<0>;
L_0x5d235d3124d0 .functor XOR 1, L_0x5d235d312460, L_0x5d235d3120c0, C4<0>, C4<0>;
L_0x5d235d312620 .functor AND 1, L_0x5d235d312a50, L_0x5d235d312b80, C4<1>, C4<1>;
L_0x5d235d3126e0 .functor AND 1, L_0x5d235d312b80, L_0x5d235d3120c0, C4<1>, C4<1>;
L_0x5d235d312780 .functor OR 1, L_0x5d235d312620, L_0x5d235d3126e0, C4<0>, C4<0>;
L_0x5d235d312890 .functor AND 1, L_0x5d235d312a50, L_0x5d235d3120c0, C4<1>, C4<1>;
L_0x5d235d312940 .functor OR 1, L_0x5d235d312780, L_0x5d235d312890, C4<0>, C4<0>;
v0x5d235d30f730_0 .net *"_ivl_0", 0 0, L_0x5d235d312460;  1 drivers
v0x5d235d30f810_0 .net *"_ivl_10", 0 0, L_0x5d235d312890;  1 drivers
v0x5d235d30f8f0_0 .net *"_ivl_4", 0 0, L_0x5d235d312620;  1 drivers
v0x5d235d30f9e0_0 .net *"_ivl_6", 0 0, L_0x5d235d3126e0;  1 drivers
v0x5d235d30fac0_0 .net *"_ivl_8", 0 0, L_0x5d235d312780;  1 drivers
v0x5d235d30fbf0_0 .net "a", 0 0, L_0x5d235d312a50;  1 drivers
v0x5d235d30fcb0_0 .net "b", 0 0, L_0x5d235d312b80;  1 drivers
v0x5d235d30fd70_0 .net "cin", 0 0, L_0x5d235d3120c0;  alias, 1 drivers
v0x5d235d30fe10_0 .net "cout", 0 0, L_0x5d235d312940;  alias, 1 drivers
v0x5d235d30ff40_0 .net "sum", 0 0, L_0x5d235d3124d0;  1 drivers
S_0x5d235d3100d0 .scope module, "fa3" "full_adder" 2 11, 2 1 0, S_0x5d235d2e29e0;
 .timescale 0 0;
    .port_info 0 /INPUT 1 "a";
    .port_info 1 /INPUT 1 "b";
    .port_info 2 /INPUT 1 "cin";
    .port_info 3 /OUTPUT 1 "sum";
    .port_info 4 /OUTPUT 1 "cout";
L_0x5d235d312cf0 .functor XOR 1, L_0x5d235d313290, L_0x5d235d313450, C4<0>, C4<0>;
L_0x5d235d312d60 .functor XOR 1, L_0x5d235d312cf0, L_0x5d235d312940, C4<0>, C4<0>;
L_0x5d235d312e60 .functor AND 1, L_0x5d235d313290, L_0x5d235d313450, C4<1>, C4<1>;
L_0x5d235d312ed0 .functor AND 1, L_0x5d235d313450, L_0x5d235d312940, C4<1>, C4<1>;
L_0x5d235d312f70 .functor OR 1, L_0x5d235d312e60, L_0x5d235d312ed0, C4<0>, C4<0>;
L_0x5d235d313080 .functor AND 1, L_0x5d235d313290, L_0x5d235d312940, C4<1>, C4<1>;
L_0x5d235d313130 .functor OR 1, L_0x5d235d312f70, L_0x5d235d313080, C4<0>, C4<0>;
v0x5d235d310260_0 .net *"_ivl_0", 0 0, L_0x5d235d312cf0;  1 drivers
v0x5d235d310360_0 .net *"_ivl_10", 0 0, L_0x5d235d313080;  1 drivers
v0x5d235d310440_0 .net *"_ivl_4", 0 0, L_0x5d235d312e60;  1 drivers
v0x5d235d310530_0 .net *"_ivl_6", 0 0, L_0x5d235d312ed0;  1 drivers
v0x5d235d310610_0 .net *"_ivl_8", 0 0, L_0x5d235d312f70;  1 drivers
v0x5d235d310740_0 .net "a", 0 0, L_0x5d235d313290;  1 drivers
v0x5d235d310800_0 .net "b", 0 0, L_0x5d235d313450;  1 drivers
v0x5d235d3108c0_0 .net "cin", 0 0, L_0x5d235d312940;  alias, 1 drivers
v0x5d235d310960_0 .net "cout", 0 0, L_0x5d235d313130;  alias, 1 drivers
v0x5d235d310a90_0 .net "sum", 0 0, L_0x5d235d312d60;  1 drivers
# The file index is used to find the file name in the following table.
:file_names 3;
    "N/A";
    "<interactive>";
    "ripple.v";
