#! /usr/bin/vvp
:ivl_version "12.0 (stable)";
:ivl_delay_selection "TYPICAL";
:vpi_time_precision + 0;
:vpi_module "/usr/lib/x86_64-linux-gnu/ivl/system.vpi";
:vpi_module "/usr/lib/x86_64-linux-gnu/ivl/vhdl_sys.vpi";
:vpi_module "/usr/lib/x86_64-linux-gnu/ivl/vhdl_textio.vpi";
:vpi_module "/usr/lib/x86_64-linux-gnu/ivl/v2005_math.vpi";
:vpi_module "/usr/lib/x86_64-linux-gnu/ivl/va_math.vpi";
S_0x5698dd0ff9a0 .scope module, "ripple_tb" "ripple_tb" 2 1;
 .timescale 0 0;
v0x5698dd132ad0_0 .var "a", 3 0;
v0x5698dd132bb0_0 .var "b", 3 0;
v0x5698dd132c50_0 .var "cin", 0 0;
v0x5698dd132d70_0 .net "cout", 0 0, L_0x5698dd134d30;  1 drivers
v0x5698dd132e60_0 .net "sum", 3 0, L_0x5698dd1350f0;  1 drivers
S_0x5698dd105710 .scope module, "uut" "ripple" 2 6, 3 5 0, S_0x5698dd0ff9a0;
 .timescale 0 0;
    .port_info 0 /INPUT 4 "a";
    .port_info 1 /INPUT 4 "b";
    .port_info 2 /INPUT 1 "cin";
    .port_info 3 /OUTPUT 4 "sum";
    .port_info 4 /OUTPUT 1 "cout";
v0x5698dd1323c0_0 .net "a", 3 0, v0x5698dd132ad0_0;  1 drivers
v0x5698dd1324c0_0 .net "b", 3 0, v0x5698dd132bb0_0;  1 drivers
v0x5698dd1325a0_0 .net "c1", 0 0, L_0x5698dd133490;  1 drivers
v0x5698dd132640_0 .net "c2", 0 0, L_0x5698dd133ce0;  1 drivers
v0x5698dd132730_0 .net "c3", 0 0, L_0x5698dd1344c0;  1 drivers
v0x5698dd132870_0 .net "cin", 0 0, v0x5698dd132c50_0;  1 drivers
v0x5698dd132910_0 .net "cout", 0 0, L_0x5698dd134d30;  alias, 1 drivers
v0x5698dd1329b0_0 .net "sum", 3 0, L_0x5698dd1350f0;  alias, 1 drivers
L_0x5698dd1335a0 .part v0x5698dd132ad0_0, 0, 1;
L_0x5698dd1336d0 .part v0x5698dd132bb0_0, 0, 1;
L_0x5698dd133df0 .part v0x5698dd132ad0_0, 1, 1;
L_0x5698dd133f20 .part v0x5698dd132bb0_0, 1, 1;
L_0x5698dd1345d0 .part v0x5698dd132ad0_0, 2, 1;
L_0x5698dd134790 .part v0x5698dd132bb0_0, 2, 1;
L_0x5698dd134e40 .part v0x5698dd132ad0_0, 3, 1;
L_0x5698dd134f70 .part v0x5698dd132bb0_0, 3, 1;
L_0x5698dd1350f0 .concat8 [ 1 1 1 1], L_0x5698dd132ff0, L_0x5698dd133870, L_0x5698dd1340f0, L_0x5698dd134a00;
S_0x5698dd10de40 .scope module, "fa0" "full_adder" 3 8, 3 1 0, S_0x5698dd105710;
 .timescale 0 0;
    .port_info 0 /INPUT 1 "a";
    .port_info 1 /INPUT 1 "b";
    .port_info 2 /INPUT 1 "cin";
    .port_info 3 /OUTPUT 1 "sum";
    .port_info 4 /OUTPUT 1 "cout";
L_0x5698dd132f50 .functor XOR 1, L_0x5698dd1335a0, L_0x5698dd1336d0, C4<0>, C4<0>;
L_0x5698dd132ff0 .functor XOR 1, L_0x5698dd132f50, v0x5698dd132c50_0, C4<0>, C4<0>;
L_0x5698dd1330e0 .functor AND 1, L_0x5698dd1335a0, L_0x5698dd1336d0, C4<1>, C4<1>;
L_0x5698dd1331f0 .functor AND 1, L_0x5698dd1336d0, v0x5698dd132c50_0, C4<1>, C4<1>;
L_0x5698dd133320 .functor OR 1, L_0x5698dd1330e0, L_0x5698dd1331f0, C4<0>, C4<0>;
L_0x5698dd1333e0 .functor AND 1, L_0x5698dd1335a0, v0x5698dd132c50_0, C4<1>, C4<1>;
L_0x5698dd133490 .functor OR 1, L_0x5698dd133320, L_0x5698dd1333e0, C4<0>, C4<0>;
v0x5698dd107a00_0 .net *"_ivl_0", 0 0, L_0x5698dd132f50;  1 drivers
v0x5698dd1051d0_0 .net *"_ivl_10", 0 0, L_0x5698dd1333e0;  1 drivers
v0x5698dd1029a0_0 .net *"_ivl_4", 0 0, L_0x5698dd1330e0;  1 drivers
v0x5698dd1001c0_0 .net *"_ivl_6", 0 0, L_0x5698dd1331f0;  1 drivers
v0x5698dd12fd20_0 .net *"_ivl_8", 0 0, L_0x5698dd133320;  1 drivers
v0x5698dd12fe50_0 .net "a", 0 0, L_0x5698dd1335a0;  1 drivers
v0x5698dd12ff10_0 .net "b", 0 0, L_0x5698dd1336d0;  1 drivers
v0x5698dd12ffd0_0 .net "cin", 0 0, v0x5698dd132c50_0;  alias, 1 drivers
v0x5698dd130090_0 .net "cout", 0 0, L_0x5698dd133490;  alias, 1 drivers
v0x5698dd130150_0 .net "sum", 0 0, L_0x5698dd132ff0;  1 drivers
S_0x5698dd1302b0 .scope module, "fa1" "full_adder" 3 9, 3 1 0, S_0x5698dd105710;
 .timescale 0 0;
    .port_info 0 /INPUT 1 "a";
    .port_info 1 /INPUT 1 "b";
    .port_info 2 /INPUT 1 "cin";
    .port_info 3 /OUTPUT 1 "sum";
    .port_info 4 /OUTPUT 1 "cout";
L_0x5698dd133800 .functor XOR 1, L_0x5698dd133df0, L_0x5698dd133f20, C4<0>, C4<0>;
L_0x5698dd133870 .functor XOR 1, L_0x5698dd133800, L_0x5698dd133490, C4<0>, C4<0>;
L_0x5698dd1339c0 .functor AND 1, L_0x5698dd133df0, L_0x5698dd133f20, C4<1>, C4<1>;
L_0x5698dd133a80 .functor AND 1, L_0x5698dd133f20, L_0x5698dd133490, C4<1>, C4<1>;
L_0x5698dd133b20 .functor OR 1, L_0x5698dd1339c0, L_0x5698dd133a80, C4<0>, C4<0>;
L_0x5698dd133c30 .functor AND 1, L_0x5698dd133df0, L_0x5698dd133490, C4<1>, C4<1>;
L_0x5698dd133ce0 .functor OR 1, L_0x5698dd133b20, L_0x5698dd133c30, C4<0>, C4<0>;
v0x5698dd130460_0 .net *"_ivl_0", 0 0, L_0x5698dd133800;  1 drivers
v0x5698dd130540_0 .net *"_ivl_10", 0 0, L_0x5698dd133c30;  1 drivers
v0x5698dd130620_0 .net *"_ivl_4", 0 0, L_0x5698dd1339c0;  1 drivers
v0x5698dd1306e0_0 .net *"_ivl_6", 0 0, L_0x5698dd133a80;  1 drivers
v0x5698dd1307c0_0 .net *"_ivl_8", 0 0, L_0x5698dd133b20;  1 drivers
v0x5698dd1308f0_0 .net "a", 0 0, L_0x5698dd133df0;  1 drivers
v0x5698dd1309b0_0 .net "b", 0 0, L_0x5698dd133f20;  1 drivers
v0x5698dd130a70_0 .net "cin", 0 0, L_0x5698dd133490;  alias, 1 drivers
v0x5698dd130b10_0 .net "cout", 0 0, L_0x5698dd133ce0;  alias, 1 drivers
v0x5698dd130bb0_0 .net "sum", 0 0, L_0x5698dd133870;  1 drivers
S_0x5698dd130d10 .scope module, "fa2" "full_adder" 3 10, 3 1 0, S_0x5698dd105710;
 .timescale 0 0;
    .port_info 0 /INPUT 1 "a";
    .port_info 1 /INPUT 1 "b";
    .port_info 2 /INPUT 1 "cin";
    .port_info 3 /OUTPUT 1 "sum";
    .port_info 4 /OUTPUT 1 "cout";
L_0x5698dd134080 .functor XOR 1, L_0x5698dd1345d0, L_0x5698dd134790, C4<0>, C4<0>;
L_0x5698dd1340f0 .functor XOR 1, L_0x5698dd134080, L_0x5698dd133ce0, C4<0>, C4<0>;
L_0x5698dd1341f0 .functor AND 1, L_0x5698dd1345d0, L_0x5698dd134790, C4<1>, C4<1>;
L_0x5698dd134260 .functor AND 1, L_0x5698dd134790, L_0x5698dd133ce0, C4<1>, C4<1>;
L_0x5698dd134300 .functor OR 1, L_0x5698dd1341f0, L_0x5698dd134260, C4<0>, C4<0>;
L_0x5698dd134410 .functor AND 1, L_0x5698dd1345d0, L_0x5698dd133ce0, C4<1>, C4<1>;
L_0x5698dd1344c0 .functor OR 1, L_0x5698dd134300, L_0x5698dd134410, C4<0>, C4<0>;
v0x5698dd130ed0_0 .net *"_ivl_0", 0 0, L_0x5698dd134080;  1 drivers
v0x5698dd130fb0_0 .net *"_ivl_10", 0 0, L_0x5698dd134410;  1 drivers
v0x5698dd131090_0 .net *"_ivl_4", 0 0, L_0x5698dd1341f0;  1 drivers
v0x5698dd131180_0 .net *"_ivl_6", 0 0, L_0x5698dd134260;  1 drivers
v0x5698dd131260_0 .net *"_ivl_8", 0 0, L_0x5698dd134300;  1 drivers
v0x5698dd131390_0 .net "a", 0 0, L_0x5698dd1345d0;  1 drivers
v0x5698dd131450_0 .net "b", 0 0, L_0x5698dd134790;  1 drivers
v0x5698dd131510_0 .net "cin", 0 0, L_0x5698dd133ce0;  alias, 1 drivers
v0x5698dd1315b0_0 .net "cout", 0 0, L_0x5698dd1344c0;  alias, 1 drivers
v0x5698dd1316e0_0 .net "sum", 0 0, L_0x5698dd1340f0;  1 drivers
S_0x5698dd131870 .scope module, "fa3" "full_adder" 3 11, 3 1 0, S_0x5698dd105710;
 .timescale 0 0;
    .port_info 0 /INPUT 1 "a";
    .port_info 1 /INPUT 1 "b";
    .port_info 2 /INPUT 1 "cin";
    .port_info 3 /OUTPUT 1 "sum";
    .port_info 4 /OUTPUT 1 "cout";
L_0x5698dd134990 .functor XOR 1, L_0x5698dd134e40, L_0x5698dd134f70, C4<0>, C4<0>;
L_0x5698dd134a00 .functor XOR 1, L_0x5698dd134990, L_0x5698dd1344c0, C4<0>, C4<0>;
L_0x5698dd134b00 .functor AND 1, L_0x5698dd134e40, L_0x5698dd134f70, C4<1>, C4<1>;
L_0x5698dd134b70 .functor AND 1, L_0x5698dd134f70, L_0x5698dd1344c0, C4<1>, C4<1>;
L_0x5698dd134c10 .functor OR 1, L_0x5698dd134b00, L_0x5698dd134b70, C4<0>, C4<0>;
L_0x5698dd134c80 .functor AND 1, L_0x5698dd134e40, L_0x5698dd1344c0, C4<1>, C4<1>;
L_0x5698dd134d30 .functor OR 1, L_0x5698dd134c10, L_0x5698dd134c80, C4<0>, C4<0>;
v0x5698dd131a00_0 .net *"_ivl_0", 0 0, L_0x5698dd134990;  1 drivers
v0x5698dd131b00_0 .net *"_ivl_10", 0 0, L_0x5698dd134c80;  1 drivers
v0x5698dd131be0_0 .net *"_ivl_4", 0 0, L_0x5698dd134b00;  1 drivers
v0x5698dd131cd0_0 .net *"_ivl_6", 0 0, L_0x5698dd134b70;  1 drivers
v0x5698dd131db0_0 .net *"_ivl_8", 0 0, L_0x5698dd134c10;  1 drivers
v0x5698dd131ee0_0 .net "a", 0 0, L_0x5698dd134e40;  1 drivers
v0x5698dd131fa0_0 .net "b", 0 0, L_0x5698dd134f70;  1 drivers
v0x5698dd132060_0 .net "cin", 0 0, L_0x5698dd1344c0;  alias, 1 drivers
v0x5698dd132100_0 .net "cout", 0 0, L_0x5698dd134d30;  alias, 1 drivers
v0x5698dd132230_0 .net "sum", 0 0, L_0x5698dd134a00;  1 drivers
    .scope S_0x5698dd0ff9a0;
T_0 ;
    %vpi_call 2 8 "$dumpfile", "ripple.vcd" {0 0 0};
    %vpi_call 2 9 "$dumpvars", 32'sb00000000000000000000000000000000, S_0x5698dd0ff9a0 {0 0 0};
    %vpi_call 2 10 "$monitor", "Time=%0t a=%b b=%b cin=%b sum=%b cout=%b", $time, v0x5698dd132ad0_0, v0x5698dd132bb0_0, v0x5698dd132c50_0, v0x5698dd132e60_0, v0x5698dd132d70_0 {0 0 0};
    %pushi/vec4 0, 0, 4;
    %store/vec4 v0x5698dd132ad0_0, 0, 4;
    %pushi/vec4 0, 0, 4;
    %store/vec4 v0x5698dd132bb0_0, 0, 4;
    %pushi/vec4 0, 0, 1;
    %store/vec4 v0x5698dd132c50_0, 0, 1;
    %delay 10, 0;
    %pushi/vec4 3, 0, 4;
    %store/vec4 v0x5698dd132ad0_0, 0, 4;
    %pushi/vec4 2, 0, 4;
    %store/vec4 v0x5698dd132bb0_0, 0, 4;
    %pushi/vec4 0, 0, 1;
    %store/vec4 v0x5698dd132c50_0, 0, 1;
    %delay 10, 0;
    %vpi_call 2 19 "$finish" {0 0 0};
    %end;
    .thread T_0;
# The file index is used to find the file name in the following table.
:file_names 4;
    "N/A";
    "<interactive>";
    "tb_ripple.v";
    "ripple.v";
