#! /usr/bin/vvp
:ivl_version "12.0 (stable)";
:ivl_delay_selection "TYPICAL";
:vpi_time_precision + 0;
:vpi_module "/usr/lib/x86_64-linux-gnu/ivl/system.vpi";
:vpi_module "/usr/lib/x86_64-linux-gnu/ivl/vhdl_sys.vpi";
:vpi_module "/usr/lib/x86_64-linux-gnu/ivl/vhdl_textio.vpi";
:vpi_module "/usr/lib/x86_64-linux-gnu/ivl/v2005_math.vpi";
:vpi_module "/usr/lib/x86_64-linux-gnu/ivl/va_math.vpi";
S_0x5bbd366de5a0 .scope module, "encoder" "encoder" 2 1;
 .timescale 0 0;
    .port_info 0 /INPUT 4 "d";
    .port_info 1 /OUTPUT 2 "y";
o0x71ef3a2e6018 .functor BUFZ 4, C4<zzzz>; HiZ drive
v0x5bbd366e0400_0 .net "d", 3 0, o0x71ef3a2e6018;  0 drivers
v0x5bbd36725b50_0 .var "y", 1 0;
E_0x5bbd366dea70 .event anyedge, v0x5bbd366e0400_0;
    .scope S_0x5bbd366de5a0;
T_0 ;
    %wait E_0x5bbd366dea70;
    %load/vec4 v0x5bbd366e0400_0;
    %dup/vec4;
    %pushi/vec4 1, 0, 4;
    %cmp/u;
    %jmp/1 T_0.0, 6;
    %dup/vec4;
    %pushi/vec4 2, 0, 4;
    %cmp/u;
    %jmp/1 T_0.1, 6;
    %dup/vec4;
    %pushi/vec4 4, 0, 4;
    %cmp/u;
    %jmp/1 T_0.2, 6;
    %dup/vec4;
    %pushi/vec4 8, 0, 4;
    %cmp/u;
    %jmp/1 T_0.3, 6;
    %pushi/vec4 3, 3, 2;
    %store/vec4 v0x5bbd36725b50_0, 0, 2;
    %jmp T_0.5;
T_0.0 ;
    %pushi/vec4 0, 0, 2;
    %store/vec4 v0x5bbd36725b50_0, 0, 2;
    %jmp T_0.5;
T_0.1 ;
    %pushi/vec4 1, 0, 2;
    %store/vec4 v0x5bbd36725b50_0, 0, 2;
    %jmp T_0.5;
T_0.2 ;
    %pushi/vec4 2, 0, 2;
    %store/vec4 v0x5bbd36725b50_0, 0, 2;
    %jmp T_0.5;
T_0.3 ;
    %pushi/vec4 3, 0, 2;
    %store/vec4 v0x5bbd36725b50_0, 0, 2;
    %jmp T_0.5;
T_0.5 ;
    %pop/vec4 1;
    %jmp T_0;
    .thread T_0, $push;
# The file index is used to find the file name in the following table.
:file_names 3;
    "N/A";
    "<interactive>";
    "encoder.v";
